// Jest Snapshot v1, https://goo.gl/fbAQLP

exports[`Home snapshot renders 1`] = `
<h1
  className="sc-bdVaJa lpjCXg"
>
  Welcome to Bravo-FE
</h1>
`;
